<html>
<body>
<pre>
<h1>µVision Build Log</h1>
<h2>Project:</h2>
E:\src\Keewi\PowerStrip-HF_US\projects\LPBS2W.uvproj
Project File Date:  04/18/2017

<h2>Output:</h2>
Build target 'LPBS2W'
compiling startup.c...
..\src\startup.c(291): warning: A1488W: PROC/FUNC at line 82 in '..\\src\\startup.c' without matching ENDP/ENDFUNC
compiling app_main.c...
compiling cJSON.c...
compiling customer_spi.c...
compiling DevLib.c...
compiling DevRule.c...
compiling flash.c...
..\src\flash.c(673): warning:  #1215-D: #warning directive: "Vendor is revogi, device name is SmartPlug, SSID is SmartPlug-xxxx" 
          #warning "Vendor is revogi, device name is SmartPlug, SSID is SmartPlug-xxxx" 
..\src\flash.c: 1 warning, 0 errors
compiling HttpdCallBack.c...
compiling KeyDrv.c...
compiling LED.c...
compiling PowerConsume.c...
compiling PowerStaticsRecord.c...
compiling Produce_Test.c...
compiling PublicServerCom.c...
compiling remote_update.c...
compiling rn8209.c...
..\src\rn8209.c(199): warning:  #177-D: variable "iValue" was declared but never referenced
      int    iValue,portID,iRslt = 1;
..\src\rn8209.c: 1 warning, 0 errors
compiling RtTime.c...
compiling SwitchApp.c...
compiling TcpSocket.c...
compiling TickClock.c...
compiling UdpServerCallBack.c...
..\src\UdpServerCallBack.c(798): warning:  #177-D: variable "iValue" was declared but never referenced
      int    iValue,portID,iRslt = 1;
..\src\UdpServerCallBack.c: 1 warning, 0 errors
compiling UdpSocket.c...
compiling read_power.c...
compiling security_mode.c...
linking...
LPBS2W.sct(14): warning: L6314W: No section matches pattern *.o(.mach2.init).
LPBS2W.sct(18): warning: L6314W: No section matches pattern *.o(.mach6.init).
LPBS2W.sct(19): warning: L6314W: No section matches pattern *.o(.mach7.init).
LPBS2W.sct(23): warning: L6314W: No section matches pattern *.o(.shell0.cmd).
LPBS2W.sct(25): warning: L6314W: No section matches pattern *.o(.shell2.cmd).
Program Size: Code=425668 RO-data=27952 RW-data=8212 ZI-data=78116  
Finished: 0 information, 5 warning and 0 error messages.
FromELF: creating hex file...
After Build - User command #1: fromelf.exe --bin --output ./output/LPBS2W.bin ./output/LPBS2W.axf
After Build - User command #2: LPB100_IMG_Tools.exe ./output/LPBS2W.bin ./output/LPBS2W_UPGARDE.bin
".\output\LPBS2W.axf" - 0 Error(s), 9 Warning(s).
